
> build
> vite build

vite v8.0.12 building client environment for production...
[plugin @laravel/vite-plugin-wayfinder] Types generated for actions, routes, form variants
[2Ktransforming...✓ 3049 modules transformed.
rendering chunks...
✗ Build failed in 897ms
error during build:
Build failed with 1 error:

[31m[MISSING_EXPORT] Error:[0m "adminDashboard" is not exported by "resources/js/routes/index.ts".
    [38;5;246m╭[0m[38;5;246m─[0m[38;5;246m[[0m resources/js/pages/Dashboard.vue?vue&type=script&setup=true&lang.ts:11:10 [38;5;246m][0m
    [38;5;246m│[0m
 [38;5;246m11 │[0m [38;5;249mi[0m[38;5;249mm[0m[38;5;249mp[0m[38;5;249mo[0m[38;5;249mr[0m[38;5;249mt[0m[38;5;249m [0m[38;5;249m{[0m[38;5;249m [0madminDashboard[38;5;249m [0m[38;5;249m}[0m[38;5;249m [0m[38;5;249mf[0m[38;5;249mr[0m[38;5;249mo[0m[38;5;249mm[0m[38;5;249m [0m[38;5;249m"[0m[38;5;249m@[0m[38;5;249m/[0m[38;5;249mr[0m[38;5;249mo[0m[38;5;249mu[0m[38;5;249mt[0m[38;5;249me[0m[38;5;249ms[0m[38;5;249m"[0m[38;5;249m;[0m
 [38;5;240m   │[0m          ───────┬──────  
 [38;5;240m   │[0m                 ╰──────── Missing export
[38;5;246m────╯[0m

    at aggregateBindingErrorsIntoJsError (file:///Users/benk/Documents/work/laravel/masjid-board/node_modules/rolldown/dist/shared/error-BrnLyQ-g.mjs:48:18)
    at unwrapBindingResult (file:///Users/benk/Documents/work/laravel/masjid-board/node_modules/rolldown/dist/shared/error-BrnLyQ-g.mjs:18:128)
    at #build (file:///Users/benk/Documents/work/laravel/masjid-board/node_modules/rolldown/dist/shared/rolldown-build-D_ShytiL.mjs:3257:34)
    at async buildEnvironment (file:///Users/benk/Documents/work/laravel/masjid-board/node_modules/vite/dist/node/chunks/node.js:33052:64)
    at async Object.build (file:///Users/benk/Documents/work/laravel/masjid-board/node_modules/vite/dist/node/chunks/node.js:33474:19)
    at async Object.buildApp (file:///Users/benk/Documents/work/laravel/masjid-board/node_modules/vite/dist/node/chunks/node.js:33471:153)
    at async CAC.<anonymous> (file:///Users/benk/Documents/work/laravel/masjid-board/node_modules/vite/dist/node/cli.js:778:3) {
  errors: [Getter/Setter]
}
